config.yaml:2:6: unterminated flow collection
feed.xml:2:10: end tag </feed> does not match start tag <entry>
not valid CSV from here: "2
a field did not match: Field `many` could not be parsed. many is not a U64.
While parsing record no. 2: `"pears", "many"`
a row has 1 extra fields
400 Bad Request (byte 0): invalid HTTP request: an HTTP/1.1 request needs a Host field
